---
source: tests/sizes.rs
expression: dump(&buf)
---
 pgman │ shop  connected · pg 16.2
┌ editor (e to focus) ─────────────────────────────────────┐
│> S┌ EXPLAIN plan — q / esc close ────────────────────┐   │
│  F│▼ Hash Join · 50.00ms · 4500 rows                 │   │
│  W│    Hash Cond: (o.user_id = u.id)                 │   │
│  O│  · Seq Scan on orders o · 30.00ms · ~10000 rows  │   │
└───│  ▼ Hash · 5.00ms                                 │───┘
┌ re│    · Seq Scan on users u · 4.00ms                │───┐
│id │                                                  │   │
│1  │                                                  │   │
│2  │                                                  │   │
│3  │                                                  │   │
│4  └──────────────────────────────────────────────────┘   │
│5   edsger@example.com     free  2026-03-03 11:22:00+00   │
└──────────────────────────────────────────────────────────┘
 RO   TAP   N+1 ×1   j/k navigate · F1 +4 more
