---
source: tests/sizes.rs
assertion_line: 229
expression: dump(&buf)
---
 pgman │ shop  connected · pg 16.2
 1 SELECT id, email,…                                                                         ctrl-t new · ctrl-w close
┌ editor (e to focus) ─────────────────────────────────────────────────────────────────────────────────────────────────┐
│> SELECT id, email, plan, created_at                                                                                  │
│  FROM users                                                                                                          │
│  WHERE plan = 'pro'                                                                                                  │
│  ORDE┌ schema browser — q / esc close ───────────────────────────────────────────────────────────────────────┐       │
│      │▼ public  (4)                            schema: public                                                │       │
└──────│  ▼ item  (4 col, 1 cons)                                                                              │───────┘
┌ resul│      · id : bigint NOT NULL             4 table(s)                                                    │───────┐
│id  em│      · order_id : bigint NOT NULL                                                                     │       │
│1   ad│      · sku : varchar(40) NOT NULL       enter to expand — then arrow / j/k into the tables            │       │
│2   li│      · qty : integer NOT NULL                                                                         │       │
│3   gr│      ◆ item_pkey                                                                                      │       │
│4   al│  ▼ order_items  (5 col, 1 cons)                                                                       │       │
│5   ed│      · id : bigint NOT NULL                                                                           │       │
│6   ka│      · order_id : bigint NOT NULL                                                                     │       │
│      │      · sku : varchar(40) NOT NULL                                                                     │       │
│      │      · qty : integer NOT NULL                                                                         │       │
│      │      · price_cents : integer NOT NULL                                                                 │       │
│      │      ◆ order_items_pkey                                                                               │       │
│      │  ▼ orders  (5 col, 1 cons)                                                                            │       │
│      │      · id : bigint NOT NULL                                                                           │       │
│      │      · user_id : bigint NOT NULL                                                                      │       │
│      │      · status : varchar(20) NOT NULL                                                                  │       │
│      │      · total_cents : integer NOT NULL                                                                 │       │
│      │      · created_at : timestamptz NOT NU…                                                               │       │
│      │      ◆ orders_pkey                                                                                    │       │
│      │  ▼ users  (4 col, 1 cons)                                                                             │       │
│      │      · id : bigint NOT NULL                                                                           │       │
│      │      · email : varchar(255) NOT NULL                                                                  │       │
│      │      · plan : varchar(20) NOT NULL                                                                    │       │
│      │      · created_at : timestamptz NOT NU…                                                               │       │
│      │      ◆ users_pkey                                                                                     │       │
│      └───────────────────────────────────────────────────────────────────────────────────────────────────────┘       │
│                                                                                                                      │
│                                                                                                                      │
│                                                                                                                      │
└──────────────────────────────────────────────────────────────────────────────────────────────────────────────────────┘
 RO   TAP   N+1 ×1   expanded all
