---
source: tests/sizes.rs
expression: dump(&buf)
---
 pgman │ shop  connected · pg 16.2
 1 SELECT id, email,…                                                                                                                                            ] [ switch · ctrl-t new · ctrl-w close
┌ editor (e to focus) ─────────────────────────────────────────────────────────────────────────────────────────────────────────────────────────────────────────────────────────────────────────────────┐
│> SELECT id, email, plan, created_at                                                                                                                                                                  │
│  FROM users                                                                                                                                                                                          │
│  WHERE plan = 'pro'                                                                                                                                                                                  │
│  ORDER BY created_at DESC;                                                                                                                                                                           │
│           ┌ schema browser — q / esc close ──────────────────────────────────────────────────────────────────────────────────────────────────────────────────────────────────────────────┐           │
└───────────│▼ public  (4)                                                        schema: public                                                                                           │───────────┘
┌ result · 6│  ▼ orders  (5 col, 1 cons)                                                                                                                                                   │───────────┐
│id  email  │      · user_id : bigint NOT NULL                                    4 table(s)                                                                                               │           │
│1   ada@exa│      · status : varchar(20) NOT NULL                                                                                                                                         │           │
│2   linus@e│  ▼ users  (4 col, 1 cons)                                           enter to expand — then arrow / j/k into the tables                                                       │           │
│3   grace@e│      ◆ users_pkey                                                                                                                                                            │           │
│4   alan@ex│                                                                                                                                                                              │           │
│5   edsger@│                                                                                                                                                                              │           │
│6   katheri│                                                                                                                                                                              │           │
│           │                                                                                                                                                                              │           │
│           │                                                                                                                                                                              │           │
│           │                                                                                                                                                                              │           │
│           │                                                                                                                                                                              │           │
│           │                                                                                                                                                                              │           │
│           │                                                                                                                                                                              │           │
│           │                                                                                                                                                                              │           │
│           │                                                                                                                                                                              │           │
│           │                                                                                                                                                                              │           │
│           │                                                                                                                                                                              │           │
│           │                                                                                                                                                                              │           │
│           │                                                                                                                                                                              │           │
│           │                                                                                                                                                                              │           │
│           │                                                                                                                                                                              │           │
│           │                                                                                                                                                                              │           │
│           │                                                                                                                                                                              │           │
│           │                                                                                                                                                                              │           │
│           │                                                                                                                                                                              │           │
│           │                                                                                                                                                                              │           │
│           │                                                                                                                                                                              │           │
│           │                                                                                                                                                                              │           │
│           │                                                                                                                                                                              │           │
│           │                                                                                                                                                                              │           │
│           │                                                                                                                                                                              │           │
│           │                                                                                                                                                                              │           │
│           │                                                                                                                                                                              │           │
│           └──────────────────────────────────────────────────────────────────────────────────────────────────────────────────────────────────────────────────────────────────────────────┘           │
│                                                                                                                                                                                                      │
│                                                                                                                                                                                                      │
│                                                                                                                                                                                                      │
│                                                                                                                                                                                                      │
└──────────────────────────────────────────────────────────────────────────────────────────────────────────────────────────────────────────────────────────────────────────────────────────────────────┘
 RO   TAP   N+1 ×1   filter: /us  · 6 row(s) · enter accept · esc clear
