---
source: tests/sizes.rs
expression: dump(&buf)
---
 pgman │ shop  connected · pg 16.2 (demo)
┌ editor (e to focus) ─────────────────────────────────────────────────────────────────────────────┐
│> SELECT id, email, plan, created_at                                                              │
│  FROM users                                                                                      │
│  WHERE plan =┌────────────────────────────────────────────────────────────────────┐              │
│  ORDER BY cre│                                                                    │              │
└──────────────│ pgman — keys (F1 help · F2 error detail · F3 notify · ? from grid) │──────────────┘
┌ result · 6 ro│                                                                    │──────────────┐
│id  email     │   grid                                                             │              │
│1   ada@exampl│     q             quit (esc here is a no-op so a reflex press      │              │
│2   linus@exam│                   doesn't lose the session)                        │              │
│3   grace@exam│     ? / F1        toggle this help                                 │              │
│4   alan@examp│     A             about pgman (version, credits)                   │              │
│5   edsger@exa│     e / i / tab   focus editor                                     │              │
│6   katherine@│     c             change connection (opens the picker mid-session) │              │
│              │     S             schema browser (psql `\d` equivalent)            │              │
│              │     W             schema wizard / lint (missing PK, mixed-case,    │              │
│              │                   reserved words …)                                │              │
│              │     Q             saved queries (named, persisted)                 │              │
│              │     ctrl-t / ctrl-tab / alt-1..9  multi-tab — see the tabs section │              │
│              │     T             slow queries (pg_stat_statements top-N)          │              │
│              │     L             active sessions + locks (pg_stat_activity)       │              │
│              │ ↓ 215 more below                                                   │              │
│              │                                                                    │              │
│              └────────────────────────────────────────────────────────────────────┘              │
│                                                                                                  │
│                                                                                                  │
│                                                                                                  │
└──────────────────────────────────────────────────────────────────────────────────────────────────┘
 RO   TAP   N+1 ×1   esc / ?  close help
