---
source: tests/sizes.rs
expression: dump(&buf)
---
 pgman │ shop  connected · pg 16.2
┌ editor (e to focus) ─────────────────────────────────────────────────────────────────────────────┐
│> SELECT id, email, plan, created_at                                                              │
│  FROM users                                                                                      │
│  WHERE plan = 'pro'                                                                              │
│  ORDER BY cre┌────────────────────────────────────────────────────────────────────┐              │
└──────────────│                                                                    │──────────────┘
┌ result · 6 ro│ pgman — keys (F1 help · F2 error detail · F3 notify · ? from grid) │──────────────┐
│id  email     │                                                                    │              │
│1   ada@exampl│   grid                                                             │              │
│2   linus@exam│     q             quit (esc here is a no-op so a reflex press      │              │
│3   grace@exam│                   doesn't lose the session)                        │              │
│4   alan@examp│     ? / F1        toggle this help                                 │              │
│5   edsger@exa│     A             about pgman (version, credits)                   │              │
│6   katherine@│     e / i / tab   focus editor                                     │              │
│              │     c             change connection (opens the picker mid-session) │              │
│              │     S             schema browser (psql `\d` equivalent)            │              │
│              │     W             schema wizard / lint (missing PK, mixed-case,    │              │
│              │                   reserved words …)                                │              │
│              │     Q             saved queries (named, persisted)                 │              │
│              │     ctrl-t / ctrl-tab / alt-1..9  multi-tab — see the tabs section │              │
│              │ ↓ 238 more below                                                   │              │
│              │                                                                    │              │
│              └────────────────────────────────────────────────────────────────────┘              │
│                                                                                                  │
│                                                                                                  │
│                                                                                                  │
│                                                                                                  │
└──────────────────────────────────────────────────────────────────────────────────────────────────┘
 RO   TAP   N+1 ×1   esc / ?  close help
