---
source: tests/sizes.rs
expression: dump(&buf)
---
 pgman │ shop  c┌ about ───────────────────────────────────────┐
┌ editor (e to f│                                              │───────────────┐
│> SELECT id, em│           ██████                  ██████     │               │
│  FROM users   │         ████████████████████████████████     │               │
│  WHERE plan = │      ████████████████████████████████████    │               │
│  ORDER BY crea│   ████████████████████████████████████████   │               │
└───────────────│   ████████████████████████████████████████   │───────────────┘
┌ result · 6 row│   ████████████████████████████████████████   │───────────────┐
│id  email      │   ████████████████████████████████████████   │               │
│1   ada@example│   ████████████████████████████████████████   │               │
│2   linus@examp│   ████████████████████████████████████████   │               │
│3   grace@examp│      ████████████████████████████████████    │               │
│4   alan@exampl│         ████████████████████████████████     │               │
│5   edsger@exam│            ████████████████████████████      │               │
│6   katherine@e│                     ████████████████         │               │
│               │                     ████████████████         │               │
│               │                     ██  ████████  ██         │               │
│               │                           ████████           │               │
│               │                          ██████████          │               │
│               │                             ██████           │               │
│               │                                              │               │
│               │              pgman 0.1.0 · beta              │               │
└───────────────│                                              │───────────────┘
 RO   TAP   N+1 └──────────────────────────────────────────────┘
