---
source: tests/sizes.rs
expression: dump(&buf)
---
 pgman │ shop  connected · pg 16.2 (demo)
┌ editor (e to focus) ─────────────────────────────────────────────────────────────────────────────────────────────────────────────────────────────────────────────────────────────────────────────────┐
│> SELECT id, email, plan, created_at                                                                                                                                                                  │
│  FROM users                                                                                                                                                                                          │
│  WHERE plan = 'pro'                                                                                                                                                                                  │
│  ORDER BY created_at DESC;                                                                                                                                                                           │
└───────────────────┌ row 1 of 6 · field 1/4 ──────────────────────────────────────────────────────────────────────────────────────────────────────────────────────────────────────┐───────────────────┘
┌ result · 6 row(s) │                                                                                                                                                              │───────────────────┐
│id  email          │ id         │ 1                                                                                                                                               │                   │
│1   ada@example.com│ email      │ ada@example.com                                                                                                                                 │                   │
│2   linus@example.c│ plan       │ pro                                                                                                                                             │                   │
│3   grace@example.c│ created_at │ 2026-01-04 09:12:00+00                                                                                                                          │                   │
│4   alan@example.co│                                                                                                                                                              │                   │
│5   edsger@example.│                                                                                                                                                              │                   │
│6   katherine@examp│                                                                                                                                                              │                   │
│                   │                                                                                                                                                              │                   │
│                   │                                                                                                                                                              │                   │
│                   │                                                                                                                                                              │                   │
│                   │                                                                                                                                                              │                   │
│                   │                                                                                                                                                              │                   │
│                   │                                                                                                                                                              │                   │
│                   │                                                                                                                                                              │                   │
│                   │                                                                                                                                                              │                   │
│                   │                                                                                                                                                              │                   │
│                   │                                                                                                                                                              │                   │
│                   │                                                                                                                                                              │                   │
│                   │                                                                                                                                                              │                   │
│                   │                                                                                                                                                              │                   │
│                   │                                                                                                                                                              │                   │
│                   │                                                                                                                                                              │                   │
│                   │                                                                                                                                                              │                   │
│                   │                                                                                                                                                              │                   │
│                   │                                                                                                                                                              │                   │
│                   │                                                                                                                                                              │                   │
│                   │                                                                                                                                                              │                   │
│                   │                                                                                                                                                              │                   │
│                   │                                                                                                                                                              │                   │
│                   │                                                                                                                                                              │                   │
│                   │                                                                                                                                                              │                   │
│                   │                                                                                                                                                              │                   │
│                   │                                                                                                                                                              │                   │
│                   │                                                                                                                                                              │                   │
│                   │                                                                                                                                                              │                   │
│                   └──────────────────────────────────────────────────────────────────────────────────────────────────────────────────────────────────────────────────────────────┘                   │
│                                                                                                                                                                                                      │
│                                                                                                                                                                                                      │
│                                                                                                                                                                                                      │
│                                                                                                                                                                                                      │
└──────────────────────────────────────────────────────────────────────────────────────────────────────────────────────────────────────────────────────────────────────────────────────────────────────┘
 RO   TAP   N+1 ×1   ↑↓ / j/k field · enter zoom · y yank · g/G first/last · esc close · F1 help
