---
source: tests/sizes.rs
expression: dump(&buf)
---
 pgman │ shop  connected · pg 16.2
┌ editor (e to focus) ─────────────────────────────────────────────────────────────────────────────────────────────────┐
│> SELECT id, email, plan, created_at                                                                                  │
│  FROM users                                                                                                          │
│  WHERE plan = 'pro'                                                                                                  │
│  OR┌ JDBC tap — 8 queries · 0 heartbeats · view: N+1 · v cycle · Shift-B baseline · s sort · c clear · q close ─┐    │
│    │   calls        span  txn / conn          caller · fingerprint                                              │    │
└────│       6     125.0ms  conn-7#42           OrderService.loadItems:88 · select * from order_items where order…│────┘
┌ res│                                                                                                            │────┐
│id  │                                                                                                            │    │
│1   │                                                                                                            │    │
│2   │                                                                                                            │    │
│3   │                                                                                                            │    │
│4   │                                                                                                            │    │
│5   │                                                                                                            │    │
│6   │                                                                                                            │    │
│    │                                                                                                            │    │
│    │                                                                                                            │    │
│    │                                                                                                            │    │
│    │                                                                                                            │    │
│    │                                                                                                            │    │
│    │                                                                                                            │    │
│    │                                                                                                            │    │
│    │                                                                                                            │    │
│    │                                                                                                            │    │
│    │                                                                                                            │    │
│    │                                                                                                            │    │
│    │                                                                                                            │    │
│    │                                                                                                            │    │
│    │                                                                                                            │    │
│    │                                                                                                            │    │
│    │                                                                                                            │    │
│    │                                                                                                            │    │
│    │                                                                                                            │    │
│    └────────────────────────────────────────────────────────────────────────────────────────────────────────────┘    │
│                                                                                                                      │
│                                                                                                                      │
│                                                                                                                      │
└──────────────────────────────────────────────────────────────────────────────────────────────────────────────────────┘
 RO   TAP   j/k navigate · v cycle 7 views · Shift-B baseline · s sort · c clear · q close · F1 help
