---
source: tests/sizes.rs
expression: dump(&buf)
---
 pgman │ shop  connected · pg 16.2
┌ editor (e to focus) ─────────────────────────────────────────────────────────────────────────────────────────────────────────────────────────────────────────────────────────────────────────────────┐
│> SELECT id, email, plan, created_at                                                                                                                                                                  │
│  FROM users                                                                                                                                                                                          │
│  WHERE plan = 'pro'                                                                                                                                                                                  │
│  ORDER BY created_at DESC;                                                                                                                                                                           │
└──────────────────────────────────────────────────────────────────────────────────────────────────────────────────────────────────────────────────────────────────────────────────────────────────────┘
┌ result · 6 row(s) ───────────────────────────────────────────────────────────────────────────────────────────────────────────────────────────────────────────────────────────────────────────────────┐
│id  email                  pl┌──────────────────────────────────────────────────────────────────────────────────────────────────────────────────────────────────────────┐                             │
│1   ada@example.com        pr│                                                                                                                                          │                             │
│2   linus@example.com      fr│ pgman — keys (F1 help · F2 error detail · F3 notify · ? from grid)                                                                       │                             │
│3   grace@example.com      pr│                                                                                                                                          │                             │
│4   alan@example.com       te│   grid                                                                                                                                   │                             │
│5   edsger@example.com     fr│     q             quit (esc here is a no-op so a reflex press doesn't lose the session)                                                  │                             │
│6   katherine@example.com  pr│     ? / F1        toggle this help                                                                                                       │                             │
│                             │     A             about pgman (version, credits)                                                                                         │                             │
│                             │     e / i / tab   focus editor                                                                                                           │                             │
│                             │     c             change connection (opens the picker mid-session)                                                                       │                             │
│                             │     S             schema browser (psql `\d` equivalent)                                                                                  │                             │
│                             │     W             schema wizard / lint (missing PK, mixed-case, reserved words …)                                                        │                             │
│                             │     Q             saved queries (named, persisted)                                                                                       │                             │
│                             │     ctrl-t / ctrl-tab / alt-1..9  multi-tab — see the tabs section                                                                       │                             │
│                             │     T             slow queries (pg_stat_statements top-N)                                                                                │                             │
│                             │     L             active sessions + locks (pg_stat_activity)                                                                             │                             │
│                             │     F3            LISTEN/NOTIFY arrivals panel (also reachable from any mode)                                                            │                             │
│                             │     h / l  ← →    move column cursor                                                                                                     │                             │
│                             │     s             cycle sort on focused column (off → ASC → DESC)                                                                        │                             │
│                             │     /             live row filter (HIDES non-matching rows)                                                                              │                             │
│                             │     f             find within grid (HIGHLIGHTS / jumps; n/N step matches)                                                                │                             │
│                             │     F             follow FK on focused cell → new tab with SELECT * FROM parent WHERE pk=value                                           │                             │
│                             │     Y             copy the (filtered) grid to clipboard as CSV                                                                           │                             │
│                             │     I             yank focused row as INSERT (single-table SELECTs)                                                                      │                             │
│                             │     D             pin result as A · run another query, D again to diff as B                                                              │                             │
│                             │     m<a-z>        set bookmark at focused (row, col)                                                                                     │                             │
│                             │     '<a-z>        jump to bookmark                                                                                                       │                             │
│                             │     j / k  ↑ ↓    move selection                                                                                                         │                             │
│                             │     g / G         first / last row                                                                                                       │                             │
│                             │     enter         expand selected row (psql \x style)                                                                                    │                             │
│                             │ ↓ 165 more below                                                                                                                         │                             │
│                             │                                                                                                                                          │                             │
│                             └──────────────────────────────────────────────────────────────────────────────────────────────────────────────────────────────────────────┘                             │
│                                                                                                                                                                                                      │
│                                                                                                                                                                                                      │
│                                                                                                                                                                                                      │
│                                                                                                                                                                                                      │
│                                                                                                                                                                                                      │
│                                                                                                                                                                                                      │
│                                                                                                                                                                                                      │
└──────────────────────────────────────────────────────────────────────────────────────────────────────────────────────────────────────────────────────────────────────────────────────────────────────┘
 RO   TAP   N+1 ×1   esc / ?  close help
