---
source: tests/sizes.rs
expression: dump(&buf)
---
 pgman │ shop  connected · pg 16.2
┌ editor (e to focus) ─────────────────────────────────────────────────────────┐
│> SELECT id, email, plan, created_at                                          │
│  FROM users                                                                  │
│  WHE┌ error detail — F2 / esc / q close ───────────────────────────────┐     │
│  ORD│ ERROR · SQLSTATE 23505                                           │     │
│     │                                                                  │     │
└─────│    message: duplicate key value violates unique constraint "use  │─────┘
┌ resu│             rs_email_key"                                        │─────┐
│id  e│     detail: Key (email)=(ada@example.com) already exists.        │     │
│1   a│      where: SQL statement "INSERT INTO users (email, plan) VALU  │     │
│2   l│             ES ($1, $2)"                                         │     │
│3   g│                                                                  │     │
│4   a│affected object:                                                  │     │
│5   e│     schema: public                                               │     │
│6   k│      table: users                                                │     │
│     │ constraint: users_email_key                                      │     │
│     │                                                                  │     │
│     └──────────────────────────────────────────────────────────────────┘     │
│                                                                              │
│                                                                              │
│                                                                              │
└──────────────────────────────────────────────────────────────────────────────┘
 RO   TAP   N+1 ×1   ⚠ duplicate key value… "users_email_key" · F2 detail
