---
source: tests/sizes.rs
expression: dump(&buf)
---
 pgman │ shop  connected · pg 16.2
┌ editor (e to focus) ─────────────────────────────────────┐
│> ┌ NOTIFY arrivals — j/k · y yank · c clear · q close ┐  │
│  │  channel                  pid  payload             │  │
│  │  orders_channel          4321  order:9001 shipped  │  │
│  │  cache_invalidate        4322  users               │  │
└──│                                                    │──┘
┌ r│                                                    │──┐
│id│                                                    │  │
│1 │                                                    │  │
│2 │                                                    │  │
│3 │                                                    │  │
│4 └────────────────────────────────────────────────────┘  │
│5   edsger@example.com     free  2026-03-03 11:22:00+00   │
└──────────────────────────────────────────────────────────┘
 RO   TAP   N+1 ×1   j/k navigate · F1 +4 more
