---
source: tests/sizes.rs
expression: dump(&buf)
---
 pgman │ shop  connected · pg 16.2
 1 SELECT id, email,…                                        ] [ switch · ctrl-t new · ctrl-w close
┌ editor (e to focus) ─────────────────────────────────────────────────────────────────────────────┐
│> SELECT id, email, plan, created_at                                                              │
│  FROM users                                                                                      │
│  WHERE plan = 'pro'                                                                              │
│  ORDER BY created_at DESC;                                                                       │
│                                                                                                  │
└──────────────────────────────────────────────────────────────────────────────────────────────────┘
┌ result · 6 row(s) ───────────────────────────────────────────────────────────────────────────────┐
│id  email                  plan  created_at                                                       │
│1   ada@example.com        pro   2026-01-04 09:12:00+00                                           │
│2   linus@exam┌ load 'order-by-id' · param 1/1 · enter next · esc cancel ──────────┐              │
│3   grace@exam│value for :order_id                                                 │              │
│4   alan@examp│                                                                    │              │
│5   edsger@exa│                                                                    │              │
│6   katherine@│                                                                    │              │
│              └────────────────────────────────────────────────────────────────────┘              │
│                                                                                                  │
│                                                                                                  │
│                                                                                                  │
│                                                                                                  │
│                                                                                                  │
│                                                                                                  │
│                                                                                                  │
│                                                                                                  │
│                                                                                                  │
│                                                                                                  │
└──────────────────────────────────────────────────────────────────────────────────────────────────┘
 RO   TAP   N+1 ×1   'order-by-id' needs 1 value(s) · enter each · esc cancels
