---
source: tests/sizes.rs
expression: dump(&buf)
---
 pgman │ shop  connected · pg 16.2
 1 SELECT id, email,…               ] [ switch · ctrl-t new
┌ editor (e to focus) ─────────────────────────────────────┐
│  ┌ data · row 1 of 1 · field 1/1 · JSON ──────────────┐  │
│  │                                                    │  │
│  │ ▼ { 3 }                                            │  │
└──│   "id": 1                                          │──┘
┌ r│   ▼ "meta": { 1 }                                  │──┐
│da│     "k": "v"                                       │  │
│{"│   ▼ "tags": [ 2 ]                                  │  │
│  │     [0]: "a"                                       │  │
│  │     [1]: "b"                                       │  │
│  │                                                    │  │
│  └────────────────────────────────────────────────────┘  │
└──────────────────────────────────────────────────────────┘
 RO   TAP   N+1 ×1   tip · y yanks the value (or jq path)
