---
source: tests/sizes.rs
assertion_line: 229
expression: dump(&buf)
---
 pgman │ shop  connected · pg 16.2
 1 SELECT id, email,…                                 ctrl-t new · ctrl-w close
┌ editor (e to focus) ─────────────────────────────────────────────────────────┐
│> SELECT id, email, plan, created_at                                          │
│  FR┌ schema browser — q / esc close ────────────────────────────────────┐    │
│  WH│▼ public  (4)               schema: public                          │    │
│  OR│  ▼ item  (4 col, 1 cons)                                           │    │
│    │      · id : bigint NOT NU… 4 table(s)                              │    │
└────│      · order_id : bigint …                                         │────┘
┌ res│      · sku : varchar(40) … enter to expand — then arrow / j/k into…│────┐
│id  │      · qty : integer NOT …                                         │    │
│1   │      ◆ item_pkey                                                   │    │
│2   │  ▼ order_items  (5 col, 1…                                         │    │
│3   │      · id : bigint NOT NU…                                         │    │
│4   │      · order_id : bigint …                                         │    │
│5   │      · sku : varchar(40) …                                         │    │
│6   │      · qty : integer NOT …                                         │    │
│    │      · price_cents : inte…                                         │    │
│    │      ◆ order_items_pkey                                            │    │
│    └────────────────────────────────────────────────────────────────────┘    │
│                                                                              │
│                                                                              │
└──────────────────────────────────────────────────────────────────────────────┘
 RO   TAP   N+1 ×1   expanded all
