---
source: tests/sizes.rs
expression: dump(&buf)
---
 pgman │ shop  connected · pg 16.2
┌ editor (e to focus) ─────────────────────────────────────────────────────────────────────────────────────────────────────────────────────────────────────────────────────────────────────────────────┐
│> SELECT id, email, plan, created_at                                                                                                                                                                  │
│  FROM users                                                                                                                                                                                          │
│  WHERE plan = 'pro'                                                                                                                                                                                  │
│  ORDER BY created_at DESC;                                                                                                                                                                           │
└───────────┌ EXPLAIN plan — q / esc close ────────────────────────────────────────────────────────────────────────────────────────────────────────────────────────────────────────────────┐───────────┘
┌ result · 6│▼ Hash Join · 50.00ms · 4500 rows                                                                                                                                             │───────────┐
│id  email  │    Hash Cond: (o.user_id = u.id)                                                                                                                                             │           │
│1   ada@exa│  · Seq Scan on orders o · 30.00ms · ~10000 rows                                                                                                                              │           │
│2   linus@e│  ▼ Hash · 5.00ms                                                                                                                                                             │           │
│3   grace@e│    · Seq Scan on users u · 4.00ms                                                                                                                                            │           │
│4   alan@ex│                                                                                                                                                                              │           │
│5   edsger@│                                                                                                                                                                              │           │
│6   katheri│                                                                                                                                                                              │           │
│           │                                                                                                                                                                              │           │
│           │                                                                                                                                                                              │           │
│           │                                                                                                                                                                              │           │
│           │                                                                                                                                                                              │           │
│           │                                                                                                                                                                              │           │
│           │                                                                                                                                                                              │           │
│           │                                                                                                                                                                              │           │
│           │                                                                                                                                                                              │           │
│           │                                                                                                                                                                              │           │
│           │                                                                                                                                                                              │           │
│           │                                                                                                                                                                              │           │
│           │                                                                                                                                                                              │           │
│           │                                                                                                                                                                              │           │
│           │                                                                                                                                                                              │           │
│           │                                                                                                                                                                              │           │
│           │                                                                                                                                                                              │           │
│           │                                                                                                                                                                              │           │
│           │                                                                                                                                                                              │           │
│           │                                                                                                                                                                              │           │
│           │                                                                                                                                                                              │           │
│           │                                                                                                                                                                              │           │
│           │                                                                                                                                                                              │           │
│           │                                                                                                                                                                              │           │
│           │                                                                                                                                                                              │           │
│           │                                                                                                                                                                              │           │
│           │                                                                                                                                                                              │           │
│           │                                                                                                                                                                              │           │
│           │                                                                                                                                                                              │           │
│           └──────────────────────────────────────────────────────────────────────────────────────────────────────────────────────────────────────────────────────────────────────────────┘           │
│                                                                                                                                                                                                      │
│                                                                                                                                                                                                      │
│                                                                                                                                                                                                      │
│                                                                                                                                                                                                      │
└──────────────────────────────────────────────────────────────────────────────────────────────────────────────────────────────────────────────────────────────────────────────────────────────────────┘
 RO   TAP   N+1 ×1   j/k navigate · enter expand/collapse · g/G top/bottom · q / esc close · F1 help
