---
source: tests/sizes.rs
expression: dump(&buf)
---
 pgman │ shop  connected · pg 16.2
┌ editor (e to focus) ─────────────────────────────────────────────────────────────────────────────┐
│> SELECT id, email, plan, created_at                                                              │
│  FROM users                                                                                      │
│  W┌ JDBC tap — 8 queries · 0 heartbeats · view: callers · sort: total time · v cycle · … ────┐   │
│  O│   calls    err        p50        p95   fps  caller · last fingerprint                    │   │
│   │       6      0      450µs      495µs     1  OrderService.loadItem… · select * from order_│   │
└───│       1      0      1.8ms      1.8ms     1  OrderService.listOpen… · select id, user_id, │───┘
┌ re│       1      0      310µs      310µs     1  UserController.show:31 · select id, email, pl│───┐
│id │                                                                                          │   │
│1  │                                                                                          │   │
│2  │                                                                                          │   │
│3  │                                                                                          │   │
│4  │                                                                                          │   │
│5  │                                                                                          │   │
│6  │                                                                                          │   │
│   │                                                                                          │   │
│   │                                                                                          │   │
│   │                                                                                          │   │
│   │                                                                                          │   │
│   │                                                                                          │   │
│   │                                                                                          │   │
│   │                                                                                          │   │
│   │                                                                                          │   │
│   │                                                                                          │   │
│   └──────────────────────────────────────────────────────────────────────────────────────────┘   │
│                                                                                                  │
│                                                                                                  │
└──────────────────────────────────────────────────────────────────────────────────────────────────┘
 RO   TAP   j/k navigate · v cycle 7 views · Shift-B baseline · s sort · c clear · q close · F1 help
