---
source: tests/sizes.rs
assertion_line: 229
expression: dump(&buf)
---
 pgman │ shop  connected · pg 16.2
 1 SELECT id, email,…             ctrl-t new · ctrl-w close
┌ editor (e to focus) ─────────────────────────────────────┐
│ ┌ JDBC tap — 8 queries · 0 heartbeats · … ────────────┐  │
│ │    duration       rows  app                   sql / │  │
│ │       1.8ms          1  shop-api              SELEC…│  │
└─│       420µs          1  shop-api              SELEC…│──┘
┌ │       435µs          1  shop-api              SELEC…│──┐
│i│       450µs          1  shop-api              SELEC…│  │
│1│       465µs          1  shop-api              SELEC…│  │
│2│       480µs          1  shop-api              SELEC…│  │
│3│       495µs          1  shop-api              SELEC…│  │
│4└─────────────────────────────────────────────────────┘  │
│5   edsger@example.com     free  2026-03-03 11:22:00+00   │
└──────────────────────────────────────────────────────────┘
 RO   TAP   j/k navigate · v cycle 7 views · F1 +5 more
