---
source: tests/sizes.rs
expression: dump(&buf)
---
 pgman │ shop  connected · pg 16.2 (demo)
┌ editor (e to focus) ─────────────────────────────────────────────────────────────────────────────────────────────────────────────────────────────────────────────────────────────────────────────────┐
│> SELECT id, email, plan, created_at                                                                                                                                                                  │
│  FROM users                                                                                                                                                                                          │
│  WHERE plan = 'pro'                                                                                                                                                                                  │
│  ORDER BY created_at DESC;                                                                                                                                                                           │
└─────────┌ NOTIFY arrivals — j/k · y yank · c clear · q close ──────────────────────────────────────────────────────────────────────────────────────────────────────────────────────────────┐─────────┘
┌ result ·│  channel                  pid  payload                                                                                                                                           │─────────┐
│id  email│  orders_channel          4321  order:9001 shipped                                                                                                                                │         │
│1   ada@e│  cache_invalidate        4322  users                                                                                                                                             │         │
│2   linus│                                                                                                                                                                                  │         │
│3   grace│                                                                                                                                                                                  │         │
│4   alan@│                                                                                                                                                                                  │         │
│5   edsge│                                                                                                                                                                                  │         │
│6   kathe│                                                                                                                                                                                  │         │
│         │                                                                                                                                                                                  │         │
│         │                                                                                                                                                                                  │         │
│         │                                                                                                                                                                                  │         │
│         │                                                                                                                                                                                  │         │
│         │                                                                                                                                                                                  │         │
│         │                                                                                                                                                                                  │         │
│         │                                                                                                                                                                                  │         │
│         │                                                                                                                                                                                  │         │
│         │                                                                                                                                                                                  │         │
│         │                                                                                                                                                                                  │         │
│         │                                                                                                                                                                                  │         │
│         │                                                                                                                                                                                  │         │
│         │                                                                                                                                                                                  │         │
│         │                                                                                                                                                                                  │         │
│         │                                                                                                                                                                                  │         │
│         │                                                                                                                                                                                  │         │
│         │                                                                                                                                                                                  │         │
│         │                                                                                                                                                                                  │         │
│         │                                                                                                                                                                                  │         │
│         │                                                                                                                                                                                  │         │
│         │                                                                                                                                                                                  │         │
│         │                                                                                                                                                                                  │         │
│         │                                                                                                                                                                                  │         │
│         │                                                                                                                                                                                  │         │
│         │                                                                                                                                                                                  │         │
│         │                                                                                                                                                                                  │         │
│         │                                                                                                                                                                                  │         │
│         │                                                                                                                                                                                  │         │
│         └──────────────────────────────────────────────────────────────────────────────────────────────────────────────────────────────────────────────────────────────────────────────────┘         │
│                                                                                                                                                                                                      │
│                                                                                                                                                                                                      │
│                                                                                                                                                                                                      │
│                                                                                                                                                                                                      │
└──────────────────────────────────────────────────────────────────────────────────────────────────────────────────────────────────────────────────────────────────────────────────────────────────────┘
 RO   TAP   N+1 ×1   j/k navigate · y yank payload · c clear · q / esc close · F1 help
