---
source: tests/sizes.rs
expression: dump(&buf)
---
 pgman │ shop  connected · pg 16.2
┌ editor (e to focus) ─────────────────────────────────────────────────────────────────────────────┐
│> SELECT id, email, plan, created_at                                                              │
│  FROM users                                                                                      │
│  WHERE p┌ row 1 of 6 · field 1/4 ──────────────────────────────────────────────────────┐         │
│  ORDER B│                                                                              │         │
│         │ id         │ 1                                                               │         │
└─────────│ email      │ ada@example.com                                                 │─────────┘
┌ result ·│ plan       │ pro                                                             │─────────┐
│id  email│ created_at │ 2026-01-04 09:12:00+00                                          │         │
│1   ada@e│                                                                              │         │
│2   linus│                                                                              │         │
│3   grace│                                                                              │         │
│4   alan@│                                                                              │         │
│5   edsge│                                                                              │         │
│6   kathe│                                                                              │         │
│         │                                                                              │         │
│         │                                                                              │         │
│         │                                                                              │         │
│         │                                                                              │         │
│         │                                                                              │         │
│         │                                                                              │         │
│         │                                                                              │         │
│         │                                                                              │         │
│         │                                                                              │         │
│         └──────────────────────────────────────────────────────────────────────────────┘         │
│                                                                                                  │
│                                                                                                  │
└──────────────────────────────────────────────────────────────────────────────────────────────────┘
 RO   TAP   N+1 ×1   ↑↓ / j/k field · enter zoom · y yank · g/G first/last · esc close · F1 help
