---
source: tests/sizes.rs
expression: dump(&buf)
---
 pgman │ shop  connected · pg 16.2
┌ editor (e to focus) ─────────────────────────────────────────────────────────┐
│> SELECT id, email, plan, created_at                                          │
│  FROM users                                                                  │
│  WHERE plan = 'pro'                                                          │
│  ORDER BY crea┌ about ───────────────────────────────────────┐               │
└───────────────│                                              │───────────────┘
┌ result · 6 row│                                              │───────────────┐
│id  email      │              pgman 0.1.0 · beta              │               │
│1   ada@example│       installed via a standalone binary      │               │
│2   linus@examp│   k9s-style Postgres TUI for Java/AWS shops  │               │
│3   grace@examp│            server: pg 16.2 (demo)            │               │
│4   alan@exampl│                                              │               │
│5   edsger@exam│       by Tom Baldwin / Polymorphism Ltd      │               │
│6   katherine@e│          license: MIT OR Apache-2.0          │               │
│               │                                              │               │
│               │           esc / enter / A to close           │               │
│               │                                              │               │
│               └──────────────────────────────────────────────┘               │
│                                                                              │
│                                                                              │
│                                                                              │
└──────────────────────────────────────────────────────────────────────────────┘
 RO   TAP   N+1 ×1   esc / enter / A close · F1 help
