---
source: tests/sizes.rs
expression: dump(&buf)
---
 pgman │ shop  connected · pg 16.2
 1 SELECT id, email,…                    ] [ switch · ctrl-t new · ctrl-w close
┌ editor (e to focus) ─────────────────────────────────────────────────────────┐
│> SELECT id, email, plan, created_at                                          │
│  FROM users                                                                  │
│  WHERE pla┌──────────────────────────────────────────────────────┐           │
│  ORDER BY │                                                      │           │
│           │ pgman — keys (? / F1 help · : commands · F2 error    │           │
└───────────│ detail · F3 notify)                                  │───────────┘
┌ result · 6│                                                      │───────────┐
│id  email  │   grid                                               │           │
│1   ada@exa│     q             quit (esc here is a no-op so a     │           │
│2   linus@e│                   reflex press doesn't lose the      │           │
│3   grace@e│                   session)                           │           │
│4   alan@ex│     ? / F1        toggle this help (both work from   │           │
│5   edsger@│                   every non-typing mode)             │           │
│6   katheri│ ↓ 328 more below                                     │           │
│           │                                                      │           │
│           └──────────────────────────────────────────────────────┘           │
│                                                                              │
│                                                                              │
│                                                                              │
└──────────────────────────────────────────────────────────────────────────────┘
 RO   TAP   N+1 ×1   esc / ?  close help
