---
source: tests/sizes.rs
expression: dump(&buf)
---
 pgman │ shop  connected · pg 16.2 (demo)
┌ editor (e to focus) ─────────────────────────────────────────────────────────────────────────────────────────────────────────────────────────────────────────────────────────────────────────────────┐
│> SELECT id, email, plan, created_at                                                                                                                                                                  │
│  FROM users                                                                                                                                                                                          │
│  WHERE plan = 'pro'                                                                                                                                                                                  │
│  ORDER BY created_at DESC;                                                                                                                                                                           │
└──────────────────────────────────────────────────────────────────────────────────────────────────────────────────────────────────────────────────────────────────────────────────────────────────────┘
┌ result · 6 ro┌ error detail — F2 / esc / q close ─────────────────────────────────────────────────────────────────────────────────────────────────────────────────────────────────────┐──────────────┐
│id  email     │ ERROR · SQLSTATE 23505                                                                                                                                                 │              │
│1   ada@exampl│                                                                                                                                                                        │              │
│2   linus@exam│    message: duplicate key value violates unique constraint "users_email_key"                                                                                           │              │
│3   grace@exam│     detail: Key (email)=(ada@example.com) already exists.                                                                                                              │              │
│4   alan@examp│      where: SQL statement "INSERT INTO users (email, plan) VALUES ($1, $2)"                                                                                            │              │
│5   edsger@exa│                                                                                                                                                                        │              │
│6   katherine@│affected object:                                                                                                                                                        │              │
│              │     schema: public                                                                                                                                                     │              │
│              │      table: users                                                                                                                                                      │              │
│              │ constraint: users_email_key                                                                                                                                            │              │
│              │                                                                                                                                                                        │              │
│              │                                                                                                                                                                        │              │
│              │                                                                                                                                                                        │              │
│              │                                                                                                                                                                        │              │
│              │                                                                                                                                                                        │              │
│              │                                                                                                                                                                        │              │
│              │                                                                                                                                                                        │              │
│              │                                                                                                                                                                        │              │
│              │                                                                                                                                                                        │              │
│              │                                                                                                                                                                        │              │
│              │                                                                                                                                                                        │              │
│              │                                                                                                                                                                        │              │
│              │                                                                                                                                                                        │              │
│              │                                                                                                                                                                        │              │
│              │                                                                                                                                                                        │              │
│              │                                                                                                                                                                        │              │
│              │                                                                                                                                                                        │              │
│              │                                                                                                                                                                        │              │
│              │                                                                                                                                                                        │              │
│              │                                                                                                                                                                        │              │
│              │                                                                                                                                                                        │              │
│              │                                                                                                                                                                        │              │
│              │                                                                                                                                                                        │              │
│              └────────────────────────────────────────────────────────────────────────────────────────────────────────────────────────────────────────────────────────────────────────┘              │
│                                                                                                                                                                                                      │
│                                                                                                                                                                                                      │
│                                                                                                                                                                                                      │
│                                                                                                                                                                                                      │
│                                                                                                                                                                                                      │
│                                                                                                                                                                                                      │
└──────────────────────────────────────────────────────────────────────────────────────────────────────────────────────────────────────────────────────────────────────────────────────────────────────┘
 RO   TAP   N+1 ×1   ⚠ duplicate key value violates unique constraint "users_email_key" · F2 detail
