---
source: tests/sizes.rs
expression: dump(&buf)
---
 pgman │ shop  connected · pg 16.2 (demo)
┌ editor (e to focus) ─────────────────────────────────────────────────────────────────────────────────────────────────┐
│> SELECT id, email, plan, created_at                                                                                  │
│  FROM users                                                                                                          │
│  WHERE plan = 'pro'                                                                                                  │
│  ORDER BY created_at DESC;        ┌ about ───────────────────────────────────────┐                                   │
└───────────────────────────────────│                                              │───────────────────────────────────┘
┌ result · 6 row(s) ────────────────│           ██████                  ██████     │───────────────────────────────────┐
│id  email                  plan  cr│         ████████████████████████████████     │                                   │
│1   ada@example.com        pro   20│      ████████████████████████████████████    │                                   │
│2   linus@example.com      free  20│   ████████████████████████████████████████   │                                   │
│3   grace@example.com      pro   20│   ████████████████████████████████████████   │                                   │
│4   alan@example.com       team  20│   ████████████████████████████████████████   │                                   │
│5   edsger@example.com     free  20│   ████████████████████████████████████████   │                                   │
│6   katherine@example.com  pro   20│   ████████████████████████████████████████   │                                   │
│                                   │   ████████████████████████████████████████   │                                   │
│                                   │      ████████████████████████████████████    │                                   │
│                                   │         ████████████████████████████████     │                                   │
│                                   │            ████████████████████████████      │                                   │
│                                   │                     ████████████████         │                                   │
│                                   │                     ████████████████         │                                   │
│                                   │                     ██  ████████  ██         │                                   │
│                                   │                           ████████           │                                   │
│                                   │                          ██████████          │                                   │
│                                   │                             ██████           │                                   │
│                                   │                                              │                                   │
│                                   │              pgman 0.1.0 · beta              │                                   │
│                                   │   k9s-style Postgres TUI for Java/AWS shops  │                                   │
│                                   │                                              │                                   │
│                                   │       by Tom Baldwin / Polymorphism Ltd      │                                   │
│                                   │          license: MIT OR Apache-2.0          │                                   │
│                                   │                                              │                                   │
│                                   │           esc / enter / A to close           │                                   │
│                                   │                                              │                                   │
│                                   └──────────────────────────────────────────────┘                                   │
│                                                                                                                      │
│                                                                                                                      │
│                                                                                                                      │
└──────────────────────────────────────────────────────────────────────────────────────────────────────────────────────┘
 RO   TAP   N+1 ×1   esc / enter / A close · F1 help
