---
source: tests/sizes.rs
expression: dump(&buf)
---
 pgman │ shop  connected · pg 16.2
 1 SELECT id, email,…                    ] [ switch · ctrl-t new · ctrl-w close
┌ editor (e to focus) ─────────────────────────────────────────────────────────┐
│> S┌ data · row 1 of 1 · field 1/1 · JSON ────────────────────────────────┐   │
│  F│                                                                      │   │
│  W│ ▼ { 3 }                                                              │   │
│  O│   "id": 1                                                            │   │
│   │   ▼ "meta": { 1 }                                                    │   │
└───│     "k": "v"                                                         │───┘
┌ re│   ▼ "tags": [ 2 ]                                                    │───┐
│dat│     [0]: "a"                                                         │   │
│{"i│     [1]: "b"                                                         │   │
│   │                                                                      │   │
│   │                                                                      │   │
│   │                                                                      │   │
│   │                                                                      │   │
│   │                                                                      │   │
│   │                                                                      │   │
│   │                                                                      │   │
│   │                                                                      │   │
│   └──────────────────────────────────────────────────────────────────────┘   │
│                                                                              │
└──────────────────────────────────────────────────────────────────────────────┘
 RO   TAP   N+1 ×1   tip · JSON cells… tree · y yanks the value (or jq path)
