---
source: tests/sizes.rs
assertion_line: 229
expression: dump(&buf)
---
 pgman │ shop  connected · pg 16.2
 1 SELECT id, email,…             ctrl-t new · ctrl-w close
┌ editor (e to focus) ─────────────────────────────────────┐
│  F┌ saved queries — enter load · r rename · d delete ┐   │
│  W│  pro-users                     SELECT id, email, │   │
│  O│  order-by-id                   SELECT * FROM orde│   │
└┌ rename 'pro-users' · enter save · esc cancel ──────────┐┘
┌│new name:                                               │┐
││pro-users                                               ││
││                                                        ││
│└────────────────────────────────────────────────────────┘│
│3  │  FROM users                                      │   │
│4  └──────────────────────────────────────────────────┘   │
│5   edsger@example.com     free  2026-03-03 11:22:00+00   │
└──────────────────────────────────────────────────────────┘
 RO   TAP   N+1 ×1   rename · enter save · esc cancel
