---
source: tests/sizes.rs
expression: dump(&buf)
---
 pgman │ shop  connected · pg 16.2
┌ editor (e to focus) ─────────────────────────────────────────────────────────────────────────────────────────────────┐
│> SELECT id, email, plan, created_at                                                                                  │
│  FROM users                                                                                                          │
│  WHERE plan = 'pro'                                                                                                  │
│  ORDER BY ┌ row 1 of 6 · field 1/4 ──────────────────────────────────────────────────────────────────────┐           │
│           │                                                                                              │           │
└───────────│ id         │ 1                                                                               │───────────┘
┌ result · 6│ email      │ ada@example.com                                                                 │───────────┐
│id  email  │ plan       │ pro                                                                             │           │
│1   ada@exa│ created_at │ 2026-01-04 09:12:00+00                                                          │           │
│2   linus@e│                                                                                              │           │
│3   grace@e│                                                                                              │           │
│4   alan@ex│                                                                                              │           │
│5   edsger@│                                                                                              │           │
│6   katheri│                                                                                              │           │
│           │                                                                                              │           │
│           │                                                                                              │           │
│           │                                                                                              │           │
│           │                                                                                              │           │
│           │                                                                                              │           │
│           │                                                                                              │           │
│           │                                                                                              │           │
│           │                                                                                              │           │
│           │                                                                                              │           │
│           │                                                                                              │           │
│           │                                                                                              │           │
│           │                                                                                              │           │
│           │                                                                                              │           │
│           │                                                                                              │           │
│           │                                                                                              │           │
│           │                                                                                              │           │
│           │                                                                                              │           │
│           │                                                                                              │           │
│           └──────────────────────────────────────────────────────────────────────────────────────────────┘           │
│                                                                                                                      │
│                                                                                                                      │
│                                                                                                                      │
└──────────────────────────────────────────────────────────────────────────────────────────────────────────────────────┘
 RO   TAP   N+1 ×1   ↑↓ / j/k field · enter zoom · y yank · g/G first/last · esc close · F1 help
