---
source: tests/sizes.rs
expression: dump(&buf)
---
 pgman │ shop  connected · pg 16.2
┌ editor (e to focus) ─────────────────────────────────────┐
│  F┌ schema browser — q / esc close ──────────────────┐   │
│  W│▼ public  (4)               schema: public        │   │
│  O│  ▼ item  (4 col, 1 cons)                         │   │
└───│      · id : bigint NOT NU… 4 table(s)            │───┘
┌ re│      · order_id : bigint …                       │───┐
│id │      · sku : varchar(40) … enter to expand — the…│   │
│1  │      · qty : integer NOT …                       │   │
│2  │      ◆ item_pkey                                 │   │
│3  │  ▼ order_items  (5 col, 1…                       │   │
│4  │      · id : bigint NOT NU…                       │   │
│5  └──────────────────────────────────────────────────┘   │
│6   katherine@example.com  pro   2026-03-21 16:40:00+00   │
└──────────────────────────────────────────────────────────┘
 RO   TAP   N+1 ×1   expanded all
