---
source: tests/sizes.rs
expression: dump(&buf)
---
 pgman │ shop  connected · pg 16.2
┌ editor (e to focus) ─────────────────────────────────────────────────────────────────────────────┐
│> SELECT id, email, plan, created_at                                                              │
│  FROM users                                                                                      │
│  WHE┌ saved queries — enter load · r rename · d delete · / search · q close ───────────────┐     │
│  ORD│  pro-users                     SELECT id, email, created_at FROM users WHERE plan = '│     │
└─────│  order-by-id                   SELECT * FROM orders WHERE id = :order_id;            │─────┘
┌ resu│  daily-revenue                 SELECT date_trunc('day', created_at) AS day,        su│─────┐
│id  e│                                                                                      │     │
│1   a│                                                                                      │     │
│2   l│                                                                                      │     │
│3   g│                                                                                      │     │
│4   a│        ┌ rename 'pro-users' · enter save · esc cancel ──────────────────────┐        │     │
│5   e│        │new name:                                                           │        │     │
│6   k│        │pro-users                                                           │        │     │
│     │  pro-us│                                                                    │        │     │
│     │  SELECT└────────────────────────────────────────────────────────────────────┘        │     │
│     │  FROM users                                                                          │     │
│     │  WHERE plan = 'pro'                                                                  │     │
│     │  ORDER BY created_at DESC;                                                           │     │
│     │                                                                                      │     │
│     │                                                                                      │     │
│     │                                                                                      │     │
│     │                                                                                      │     │
│     │                                                                                      │     │
│     └──────────────────────────────────────────────────────────────────────────────────────┘     │
│                                                                                                  │
│                                                                                                  │
└──────────────────────────────────────────────────────────────────────────────────────────────────┘
 RO   TAP   N+1 ×1   rename · edit name · enter save · esc cancel
