---
source: tests/sizes.rs
expression: dump(&buf)
---
 pgman │ shop  connected · pg 16.2
┌ editor (e to focus) ─────────────────────────────────────────────────────────┐
│> SELECT id, email, plan, created_at                                          │
│  FROM users                                                                  │
│  WHERE pla┌──────────────────────────────────────────────────────┐           │
│  ORDER BY │                                                      │           │
└───────────│ pgman — keys (F1 help · F2 error detail · F3 notify  │───────────┘
┌ result · 6│ · ? from grid)                                       │───────────┐
│id  email  │                                                      │           │
│1   ada@exa│   grid                                               │           │
│2   linus@e│     q             quit (esc here is a no-op so a     │           │
│3   grace@e│                   reflex press doesn't lose the      │           │
│4   alan@ex│                   session)                           │           │
│5   edsger@│     ? / F1        toggle this help                   │           │
│6   katheri│     A             about pgman (version, credits)     │           │
│           │     e / i / tab   focus editor                       │           │
│           │ ↓ 304 more below                                     │           │
│           │                                                      │           │
│           └──────────────────────────────────────────────────────┘           │
│                                                                              │
│                                                                              │
│                                                                              │
└──────────────────────────────────────────────────────────────────────────────┘
 RO   TAP   N+1 ×1   esc / ?  close help
