---
source: tests/sizes.rs
assertion_line: 229
expression: dump(&buf)
---
 pgman │ shop  connected · pg 16.2
 1 SELECT id, email,…                                                     ctrl-t new · ctrl-w close
┌ editor (e to focus) ─────────────────────────────────────────────────────────────────────────────┐
│> SELECT id, email, plan, created_at                                                              │
│  FROM users                                                                                      │
│  WHERE plan = 'pro'                                                                              │
│  ORDER BY created_at DESC;                                                                       │
│                                                                                                  │
└──────────────────────────────────────────────────────────────────────────────────────────────────┘
┌ result · 6 row(s) ───────────────────────────────────────────────────────────────────────────────┐
│id  email                  plan  created_at                                                       │
│1   ada@exampl┌ confirm ───────────────────────────────────────────────────────────┐              │
│2   linus@exam│run (DELETE without WHERE) · will be refused — this session is      │              │
│3   grace@exam│read-only                                                           │              │
│4   alan@examp│                                                                    │              │
│5   edsger@exa│DELETE FROM orders                                                  │              │
│6   katherine@│                                                                    │              │
│              │y = run · n / esc = cancel                                          │              │
│              └────────────────────────────────────────────────────────────────────┘              │
│                                                                                                  │
│                                                                                                  │
│                                                                                                  │
│                                                                                                  │
│                                                                                                  │
│                                                                                                  │
│                                                                                                  │
│                                                                                                  │
│                                                                                                  │
└──────────────────────────────────────────────────────────────────────────────────────────────────┘
 RO   TAP   N+1 ×1   y run · n / esc cancel
