---
source: tests/sizes.rs
assertion_line: 229
expression: dump(&buf)
---
 pgman │ shop  connected · pg 16.2
 1 SELECT id, email,…                                                     ctrl-t new · ctrl-w close
┌ editor (e to focus) ─────────────────────────────────────────────────────────────────────────────┐
│> SELECT id, email, plan, created_at                                                              │
│  FROM users                                                                                      │
│  W┌ schema wizard — y yank suggestion · r refresh · q close ─────────────────────────────────┐   │
│  O│no findings — schema looks clean                                                          │   │
│   │                                                                                          │   │
└───│                                                                                          │───┘
┌ re│                                                                                          │───┐
│id │                                                                                          │   │
│1  │                                                                                          │   │
│2  │                                                                                          │   │
│3  │                                                                                          │   │
│4  │                                                                                          │   │
│5  │                                                                                          │   │
│6  │                                                                                          │   │
│   │                                                                                          │   │
│   │                                                                                          │   │
│   │                                                                                          │   │
│   │                                                                                          │   │
│   │                                                                                          │   │
│   │                                                                                          │   │
│   │                                                                                          │   │
│   │                                                                                          │   │
│   └──────────────────────────────────────────────────────────────────────────────────────────┘   │
│                                                                                                  │
│                                                                                                  │
└──────────────────────────────────────────────────────────────────────────────────────────────────┘
 RO   TAP   N+1 ×1   j/k navigate · y yank suggestion · r refresh · q / esc close · F1 help
