---
source: tests/sizes.rs
expression: dump(&buf)
---
 pgman │ shop  connected · pg 16.2
 1 SELECT id, email,…               ] [ switch · ctrl-t new
┌ editor (e to focus) ─────────────────────────────────────┐
│  F┌ schema browser — q / esc close ──────────────────┐   │
│  W│▼ public  (4)               schema: public        │   │
│  O│  ▼ orders  (5 col, 1 cons)                       │   │
└───│      · user_id : bigint N… 4 table(s)            │───┘
┌ re│      · status : varchar(2…                       │───┐
│id │  ▼ users  (4 col, 1 cons)  enter to expand — the…│   │
│1  │      ◆ users_pkey                                │   │
│2  │                                                  │   │
│3  │                                                  │   │
│4  └──────────────────────────────────────────────────┘   │
│5   edsger@example.com     free  2026-03-03 11:22:00+00   │
└──────────────────────────────────────────────────────────┘
 RO   TAP   N+1 ×1   filter: /us  · enter accept · esc clear
