---
source: tests/sizes.rs
assertion_line: 229
expression: dump(&buf)
---
 pgman │ shop  connected · pg 16.2
 1 SELECT id, email,…                                 ctrl-t new · ctrl-w close
┌ editor (e to focus) ─────────────────────────────────────────────────────────┐
│> SELECT id, email, plan, created_at                                          │
│  FR┌ saved queries — /d  (3/3 shown) · enter load · esc clear ──────────┐    │
│  WH│  pro-users                     SELECT id, email, created_at FROM us│    │
│  OR│  order-by-id                   SELECT * FROM orders WHERE id = :ord│    │
│    │  daily-revenue                 SELECT date_trunc('day', created_at)│    │
└────│                                                                    │────┘
┌ res│                                                                    │────┐
│id  │  pro-users                                                         │    │
│1   │  SELECT id, email, created_at                                      │    │
│2   │  FROM users                                                        │    │
│3   │  WHERE plan = 'pro'                                                │    │
│4   │  ORDER BY created_at DESC;                                         │    │
│5   │                                                                    │    │
│6   │                                                                    │    │
│    │                                                                    │    │
│    │                                                                    │    │
│    └────────────────────────────────────────────────────────────────────┘    │
│                                                                              │
│                                                                              │
└──────────────────────────────────────────────────────────────────────────────┘
 RO   TAP   N+1 ×1   filter saved queries · type to narrow
