---
source: tests/sizes.rs
expression: dump(&buf)
---
 pgman │ shop  connected · pg 16.2
 1 SELECT id, email,…                                                            ] [ switch · ctrl-t new · ctrl-w close
┌ editor (e to focus) ─────────────────────────────────────────────────────────────────────────────────────────────────┐
│> SELECT id, email, plan, created_at                                                                                  │
│  FROM users                                                                                                          │
│  WHERE plan = 'pro'                                                                                                  │
│  ORD┌ NOTIFY arrivals — j/k · y yank · c clear · q close ──────────────────────────────────────────────────────┐     │
│     │  channel                  pid  payload                                                                   │     │
└─────│  orders_channel          4321  order:9001 shipped                                                        │─────┘
┌ resu│  cache_invalidate        4322  users                                                                     │─────┐
│id  e│                                                                                                          │     │
│1   a│                                                                                                          │     │
│2   l│                                                                                                          │     │
│3   g│                                                                                                          │     │
│4   a│                                                                                                          │     │
│5   e│                                                                                                          │     │
│6   k│                                                                                                          │     │
│     │                                                                                                          │     │
│     │                                                                                                          │     │
│     │                                                                                                          │     │
│     │                                                                                                          │     │
│     │                                                                                                          │     │
│     │                                                                                                          │     │
│     │                                                                                                          │     │
│     │                                                                                                          │     │
│     │                                                                                                          │     │
│     │                                                                                                          │     │
│     │                                                                                                          │     │
│     │                                                                                                          │     │
│     │                                                                                                          │     │
│     │                                                                                                          │     │
│     │                                                                                                          │     │
│     │                                                                                                          │     │
│     │                                                                                                          │     │
│     └──────────────────────────────────────────────────────────────────────────────────────────────────────────┘     │
│                                                                                                                      │
│                                                                                                                      │
│                                                                                                                      │
└──────────────────────────────────────────────────────────────────────────────────────────────────────────────────────┘
 RO   TAP   N+1 ×1   j/k navigate · y yank payload · c clear · q / esc close · F1 help
