---
source: tests/sizes.rs
expression: dump(&buf)
---
 pgman │ shop  connected · pg 16.2
┌ editor (e to focus) ─────────────────────────────────────────────────────────────────────────────────────────────────┐
│> SELECT id, email, plan, created_at                                                                                  │
│  FROM users                                                                                                          │
│  WHERE plan = 'pro'                                                                                                  │
│  OR┌ JDBC tap — 8 queries · 0 heartbeats · view: hotspots · sort: total time · v cycle · Shift-B baseline · … ──┐    │
└────│   calls    err        p50        p95        p99  fingerprint · last caller                                 │────┘
┌ res│       6      0      450µs      495µs      495µs  select * from order_items wh… · OrderService.loadItems:88 │────┐
│id  │       1      0      1.8ms      1.8ms      1.8ms  select id, user_id, status f… · OrderService.listOpen:54  │    │
│1   │       1      0      310µs      310µs      310µs  select id, email, plan from … · UserController.show:31    │    │
│2   │                                                                                                            │    │
│3   │                                                                                                            │    │
│4   │                                                                                                            │    │
│5   │                                                                                                            │    │
│6   │                                                                                                            │    │
│    │                                                                                                            │    │
│    │                                                                                                            │    │
│    │                                                                                                            │    │
│    │                                                                                                            │    │
│    │                                                                                                            │    │
│    │                                                                                                            │    │
│    │                                                                                                            │    │
│    │                                                                                                            │    │
│    │                                                                                                            │    │
│    │                                                                                                            │    │
│    │                                                                                                            │    │
│    │                                                                                                            │    │
│    │                                                                                                            │    │
│    │                                                                                                            │    │
│    │                                                                                                            │    │
│    │                                                                                                            │    │
│    │                                                                                                            │    │
│    │                                                                                                            │    │
│    │                                                                                                            │    │
│    └────────────────────────────────────────────────────────────────────────────────────────────────────────────┘    │
│                                                                                                                      │
│                                                                                                                      │
│                                                                                                                      │
└──────────────────────────────────────────────────────────────────────────────────────────────────────────────────────┘
 RO   TAP   j/k navigate · v cycle 7 views · Shift-B baseline · s sort · c clear · q close · F1 help
