---
source: tests/sizes.rs
expression: dump(&buf)
---
 pgman │ shop  connected · pg 16.2
┌ editor (e to focus) ─────────────────────────────────────────────────────────┐
│> SELECT id, email, plan, created_at                                          │
│  FROM users                                                                  │
│  WHERE plan = 'pro'                                                          │
│  ORDER BY created_at DESC;                                                   │
│                                                                              │
└──────────────────────────────────────────────────────────────────────────────┘
┌ result · 6 row(s) ───────────────────────────────────────────────────────────┐
│id  ┌ save query · enter persist · esc cancel ───────────────────────────┐    │
│1   │name:                                                               │    │
│2   │select-id-email-plan-created_at                                     │    │
│3   │                                                                    │    │
│4   └────────────────────────────────────────────────────────────────────┘    │
│5   edsger@example.com     free  2026-03-03 11:22:00+00                       │
│6   katherine@example.com  pro   2026-03-21 16:40:00+00                       │
│                                                                              │
│                                                                              │
│                                                                              │
│                                                                              │
│                                                                              │
│                                                                              │
└──────────────────────────────────────────────────────────────────────────────┘
 RO   TAP   N+1 ×1   save query · type a name · enter persist · esc cancel
