---
source: tests/sizes.rs
assertion_line: 229
expression: dump(&buf)
---
 pgman │ shop  connected · pg 16.2
┌ editor (e to focus) ─────────────────────────────────────────────────────────────────────────────┐
│> SELECT id, email, plan, created_at                                                              │
│  FROM users                                                                                      │
│  WHERE plan = 'pro'                                                                              │
│  ORDER BY created_at DESC;                                                                       │
└──────────────────────────────────────────────────────────────────────────────────────────────────┘
┌ result · 6 row(s) ───────────────────────────────────────────────────────────────────────────────┐
│id  email                  plan  created_at                                                       │
│1   ada@example.com        pro   2026-01-04 09:12:00+00                                           │
│2   linus@example.com      free  2026-01-09 14:48:00+00                                           │
│3   grace@exam┌ confirm ───────────────────────────────────────────────────────────┐              │
│4   alan@examp│run (DELETE without WHERE) · will be refused — this session is      │              │
│5   edsger@exa│read-only                                                           │              │
│6   katherine@│                                                                    │              │
│              │DELETE FROM orders                                                  │              │
│              │                                                                    │              │
│              │y = run · n / esc = cancel                                          │              │
│              └────────────────────────────────────────────────────────────────────┘              │
│                                                                                                  │
│                                                                                                  │
│                                                                                                  │
│                                                                                                  │
│                                                                                                  │
│                                                                                                  │
│                                                                                                  │
│                                                                                                  │
│                                                                                                  │
└──────────────────────────────────────────────────────────────────────────────────────────────────┘
 RO   TAP   N+1 ×1   y run · n / esc cancel
