---
source: tests/sizes.rs
expression: dump(&buf)
---
 pgman │ shop  connected · pg 16.2 (demo)
┌ editor (e to focus) ─────────────────────────────────────────────────────────────────────────────────────────────────┐
│> SELECT id, email, plan, created_at                                                                                  │
│  FROM users                                                                                                          │
│  WHER┌ EXPLAIN plan — q / esc close ─────────────────────────────────────────────────────────────────────────┐       │
│  ORDE│▼ Hash Join · 50.00ms · 4500 rows                                                                      │       │
└──────│    Hash Cond: (o.user_id = u.id)                                                                      │───────┘
┌ resul│  · Seq Scan on orders o · 30.00ms · ~10000 rows                                                       │───────┐
│id  em│  ▼ Hash · 5.00ms                                                                                      │       │
│1   ad│    · Seq Scan on users u · 4.00ms                                                                     │       │
│2   li│                                                                                                       │       │
│3   gr│                                                                                                       │       │
│4   al│                                                                                                       │       │
│5   ed│                                                                                                       │       │
│6   ka│                                                                                                       │       │
│      │                                                                                                       │       │
│      │                                                                                                       │       │
│      │                                                                                                       │       │
│      │                                                                                                       │       │
│      │                                                                                                       │       │
│      │                                                                                                       │       │
│      │                                                                                                       │       │
│      │                                                                                                       │       │
│      │                                                                                                       │       │
│      │                                                                                                       │       │
│      │                                                                                                       │       │
│      │                                                                                                       │       │
│      │                                                                                                       │       │
│      │                                                                                                       │       │
│      │                                                                                                       │       │
│      │                                                                                                       │       │
│      │                                                                                                       │       │
│      │                                                                                                       │       │
│      │                                                                                                       │       │
│      │                                                                                                       │       │
│      └───────────────────────────────────────────────────────────────────────────────────────────────────────┘       │
│                                                                                                                      │
│                                                                                                                      │
└──────────────────────────────────────────────────────────────────────────────────────────────────────────────────────┘
 RO   TAP   N+1 ×1   j/k navigate · enter expand/collapse · g/G top/bottom · q / esc close · F1 help
