---
source: tests/sizes.rs
assertion_line: 229
expression: dump(&buf)
---
 pgman │ shop  connected · pg 16.2
 1 SELECT id, email,…             ctrl-t new · ctrl-w close
┌ editor (e to focus) ─────────────────────────────────────┐
│  FRO┌ row 1 of 6 · field 1/4 ──────────────────────┐     │
│  WHE│                                              │     │
│  ORD│ id         │ 1                               │     │
└─────│ email      │ ada@example.com                 │─────┘
┌ resu│ plan       │ pro                             │─────┐
│id  e│ created_at │ 2026-01-04 09:12:00+00          │     │
│1   a│                                              │00   │
│2   l│                                              │00   │
│3   g│                                              │00   │
│4   a└──────────────────────────────────────────────┘00   │
│5   edsger@example.com     free  2026-03-03 11:22:00+00   │
└──────────────────────────────────────────────────────────┘
 RO   TAP   N+1 ×1   ↑↓ / j/k field · F1 +5 more
