---
source: tests/sizes.rs
expression: dump(&buf)
---
 pgman │ shop  connected · pg 16.2 (demo)
┌ editor (e to focus) ─────────────────────────────────────────────────────────┐
│> SE┌ schema browser — q / esc close ────────────────────────────────────┐    │
│  FR│▼ public  (3)               schema: public                          │    │
│  WH│  ▼ order_items  (5 col, 1…                                         │    │
│  OR│      · id : bigint NOT NU… 3 table(s)                              │    │
└────│      · order_id : bigint …                                         │────┘
┌ res│      · sku : varchar(40) … enter to expand — then arrow / j/k into…│────┐
│id  │      · qty : integer NOT …                                         │    │
│1   │      · price_cents : inte…                                         │    │
│2   │      ◆ order_items_pkey                                            │    │
│3   │  ▼ orders  (5 col, 1 cons)                                         │    │
│4   │      · id : bigint NOT NU…                                         │    │
│5   │      · user_id : bigint N…                                         │    │
│6   │      · status : varchar(2…                                         │    │
│    │      · total_cents : inte…                                         │    │
│    │      · created_at : times…                                         │    │
│    │      ◆ orders_pkey                                                 │    │
│    │  ▼ users  (4 col, 1 cons)                                          │    │
│    │      · id : bigint NOT NU…                                         │    │
│    └────────────────────────────────────────────────────────────────────┘    │
│                                                                              │
└──────────────────────────────────────────────────────────────────────────────┘
 RO   TAP   N+1 ×1   expanded all
