---
source: tests/sizes.rs
assertion_line: 229
expression: dump(&buf)
---
 pgman │ shop  connected · pg 16.2
┌ editor (e to focus) ─────────────────────────────────────┐
│> SELECT id, email, plan, created_at                      │
│  FROM users                                              │
│  WHERE plan = 'pro'                                      │
│┌ load 'order-by-id' · param 1/1 · enter next · esc cance┐│
└│value for :order_id                                     │┘
┌│                                                        │┐
││                                                        ││
││                                                        ││
│└────────────────────────────────────────────────────────┘│
│3   grace@example.com      pro   2026-02-01 08:30:00+00   │
│4   alan@example.com       team  2026-02-17 19:05:00+00   │
│5   edsger@example.com     free  2026-03-03 11:22:00+00   │
└──────────────────────────────────────────────────────────┘
 RO   TAP   N+1 ×1   … value(s) · enter each · esc cancels
