---
source: tests/sizes.rs
expression: dump(&buf)
---
 pgman │ shop  connected · pg 16.2 (demo)
┌ editor (e to focus) ─────────────────────────────────────────────────────────────────────────────┐
│> SELECT id, email, plan, created_at                                                              │
│  FRO┌ schema browser — q / esc close ──────────────────────────────────────────────────────┐     │
│  WHE│▼ public  (3)                     schema: public                                      │     │
│  ORD│  ▼ order_items  (5 col, 1 cons)                                                      │     │
└─────│      · id : bigint NOT NULL      3 table(s)                                          │─────┘
┌ resu│      · order_id : bigint NOT NU…                                                     │─────┐
│id  e│      · sku : varchar(40) NOT NU… enter to expand — then arrow / j/k into the tables  │     │
│1   a│      · qty : integer NOT NULL                                                        │     │
│2   l│      · price_cents : integer NO…                                                     │     │
│3   g│      ◆ order_items_pkey                                                              │     │
│4   a│  ▼ orders  (5 col, 1 cons)                                                           │     │
│5   e│      · id : bigint NOT NULL                                                          │     │
│6   k│      · user_id : bigint NOT NULL                                                     │     │
│     │      · status : varchar(20) NOT…                                                     │     │
│     │      · total_cents : integer NO…                                                     │     │
│     │      · created_at : timestamptz…                                                     │     │
│     │      ◆ orders_pkey                                                                   │     │
│     │  ▼ users  (4 col, 1 cons)                                                            │     │
│     │      · id : bigint NOT NULL                                                          │     │
│     │      · email : varchar(255) NOT…                                                     │     │
│     │      · plan : varchar(20) NOT N…                                                     │     │
│     │      · created_at : timestamptz…                                                     │     │
│     │      ◆ users_pkey                                                                    │     │
│     │                                                                                      │     │
│     └──────────────────────────────────────────────────────────────────────────────────────┘     │
│                                                                                                  │
└──────────────────────────────────────────────────────────────────────────────────────────────────┘
 RO   TAP   N+1 ×1   expanded all
