---
source: tests/sizes.rs
expression: dump(&buf)
---
 pgman │ shop  connected · pg 16.2
┌ editor (e to focus) ─────────────────────────────────────┐
│> S┌ saved queries — enter load · r rename · d delete ┐   │
│  F│  pro-users                     SELECT id, email, │   │
│  W│  order-by-id                   SELECT * FROM orde│   │
│┌ rename 'pro-users' · enter save · esc cancel ──────────┐│
└│new name:                                               │┘
┌│pro-users                                               │┐
││                                                        ││
│└────────────────────────────────────────────────────────┘│
│2  │  FROM users                                      │   │
│3  │  WHERE plan = 'pro'                              │   │
│4  └──────────────────────────────────────────────────┘   │
│5   edsger@example.com     free  2026-03-03 11:22:00+00   │
└──────────────────────────────────────────────────────────┘
 RO   TAP   N+1 ×1   rename · enter save · esc cancel
