---
source: tests/sizes.rs
expression: dump(&buf)
---
 pgman │ shop  connected · pg 16.2
┌ editor (e to focus) ─────────────────────────────────────────────────────────────────────────────────────────────────┐
│> SELECT id, email, plan, created_at                                                                                  │
│  FROM users                                                                                                          │
│  WHERE plan = 'pro'                                                                                                  │
│  OR┌ JDBC tap — 8 query · 0 heartbeat · view: transactions · v cycle · Shift-B baseline · s sort · c clear · q c┐    │
└────│  state        stmts    fps        span     db-time  pool          txn / conn · last sql                    │────┘
┌ res│  open             6      1     125.0ms       2.7ms  primary       conn-7#42 · select * from order…         │────┐
│id  │  open             1      1         0µs       1.8ms  primary       (autocommit · selec… · select id, user_id│    │
│1   │  open             1      1         0µs       310µs  primary       (autocommit · selec… · select id, email, │    │
│2   │                                                                                                            │    │
│3   │                                                                                                            │    │
│4   │                                                                                                            │    │
│5   │                                                                                                            │    │
│6   │                                                                                                            │    │
│    │                                                                                                            │    │
│    │                                                                                                            │    │
│    │                                                                                                            │    │
│    │                                                                                                            │    │
│    │                                                                                                            │    │
│    │                                                                                                            │    │
│    │                                                                                                            │    │
│    │                                                                                                            │    │
│    │                                                                                                            │    │
│    │                                                                                                            │    │
│    │                                                                                                            │    │
│    │                                                                                                            │    │
│    │                                                                                                            │    │
│    │                                                                                                            │    │
│    │                                                                                                            │    │
│    │                                                                                                            │    │
│    │                                                                                                            │    │
│    │                                                                                                            │    │
│    │                                                                                                            │    │
│    └────────────────────────────────────────────────────────────────────────────────────────────────────────────┘    │
│                                                                                                                      │
│                                                                                                                      │
│                                                                                                                      │
└──────────────────────────────────────────────────────────────────────────────────────────────────────────────────────┘
 RO   TAP   j/k navigate · v cycle 7 views · Shift-B baseline · s sort · c clear · q close · F1 help
