---
source: tests/sizes.rs
expression: dump(&buf)
---
 pgman │ shop  connected · pg 16.2
┌ editor (e to focus) ─────────────────────────────────────────────────────────────────────────────────────────────────────────────────────────────────────────────────────────────────────────────────┐
│> SELECT id, email, plan, created_at                                                                                                                                                                  │
│  FROM users                                                                                                                                                                                          │
│  WHERE plan = 'pro'                                                                                                                                                                                  │
│  ORDER BY created_at DESC;                                                                                                                                                                           │
│       ┌ active sessions — pg_stat_activity — r refresh · q close ────────────────────────────────────────────────────────────────────────────────────────────────────────────────────────────┐       │
└───────│     pid  user/app              state         age(s)   blocked  query                                                                                                                 │───────┘
┌ result│    1234  alice/psql            active          12.5      5678  UPDATE accounts SET balance = 0                                                                                       │───────┐
│id  ema│    5678  bob/pgman             idle in tx     300.0         -  BEGIN                                                                                                                 │       │
│1   ada│                                                                                                                                                                                      │       │
│2   lin│                                                                                                                                                                                      │       │
│3   gra│                                                                                                                                                                                      │       │
│4   ala│                                                                                                                                                                                      │       │
│5   eds│                                                                                                                                                                                      │       │
│6   kat│                                                                                                                                                                                      │       │
│       │                                                                                                                                                                                      │       │
│       │                                                                                                                                                                                      │       │
│       │                                                                                                                                                                                      │       │
│       │                                                                                                                                                                                      │       │
│       │                                                                                                                                                                                      │       │
│       │                                                                                                                                                                                      │       │
│       │                                                                                                                                                                                      │       │
│       │                                                                                                                                                                                      │       │
│       │                                                                                                                                                                                      │       │
│       │                                                                                                                                                                                      │       │
│       │                                                                                                                                                                                      │       │
│       │                                                                                                                                                                                      │       │
│       │                                                                                                                                                                                      │       │
│       │                                                                                                                                                                                      │       │
│       │                                                                                                                                                                                      │       │
│       │                                                                                                                                                                                      │       │
│       │                                                                                                                                                                                      │       │
│       │                                                                                                                                                                                      │       │
│       │                                                                                                                                                                                      │       │
│       │                                                                                                                                                                                      │       │
│       │                                                                                                                                                                                      │       │
│       │                                                                                                                                                                                      │       │
│       │                                                                                                                                                                                      │       │
│       │                                                                                                                                                                                      │       │
│       │                                                                                                                                                                                      │       │
│       │                                                                                                                                                                                      │       │
│       │                                                                                                                                                                                      │       │
│       └──────────────────────────────────────────────────────────────────────────────────────────────────────────────────────────────────────────────────────────────────────────────────────┘       │
│                                                                                                                                                                                                      │
│                                                                                                                                                                                                      │
│                                                                                                                                                                                                      │
│                                                                                                                                                                                                      │
└──────────────────────────────────────────────────────────────────────────────────────────────────────────────────────────────────────────────────────────────────────────────────────────────────────┘
 RO   TAP   N+1 ×1   j/k navigate · K terminate · r refresh · R auto-refresh · q / esc close · F1 help
