---
source: tests/sizes.rs
assertion_line: 229
expression: dump(&buf)
---
 pgman │ shop  connected · pg 16.2
 1 SELECT id, email,…             ctrl-t new · ctrl-w close
┌ editor (e to focus) ─────────────────────────────────────┐
│  FROM users                                              │
│  WHERE ┌────────────────────────────────────────┐        │
│  ORDER │                                        │        │
└────────│ pgman — keys (? / F1 help · : commands │────────┘
┌ result │ · F2 error detail · F3 notify)         │────────┐
│id  emai│                                        │        │
│1   ada@│   grid                                 │00+00   │
│2   linu│ ↓ 439 more below                       │00+00   │
│3   grac│                                        │00+00   │
│4   alan└────────────────────────────────────────┘00+00   │
│5   edsger@example.com     free  2026-03-03 11:22:00+00   │
└──────────────────────────────────────────────────────────┘
 RO   TAP   N+1 ×1   esc / ?  close help
