---
source: tests/sizes.rs
assertion_line: 229
expression: dump(&buf)
---
 pgman │ shop  connected · pg 16.2
┌ editor (e to focus) ─────────────────────────────────────────────────────────┐
│> SELECT id, email, plan, created_at                                          │
│  FROM users                                                                  │
│  WHERE plan = 'pro'                                                          │
│  ORDER BY created_at DESC;                                                   │
└──────────────────────────────────────────────────────────────────────────────┘
┌ result · 6 row(s) ───────────────────────────────────────────────────────────┐
│id  email  ┌ confirm ─────────────────────────────────────────────┐           │
│1   ada@exa│run (DELETE without WHERE) · will be refused — this   │           │
│2   linus@e│session is read-only                                  │           │
│3   grace@e│                                                      │           │
│4   alan@ex│DELETE FROM orders                                    │           │
│5   edsger@│                                                      │           │
│6   katheri│y = run · n / esc = cancel                            │           │
│           └──────────────────────────────────────────────────────┘           │
│                                                                              │
│                                                                              │
│                                                                              │
│                                                                              │
│                                                                              │
│                                                                              │
└──────────────────────────────────────────────────────────────────────────────┘
 RO   TAP   N+1 ×1   y run · n / esc cancel
