---
source: tests/snapshots.rs
assertion_line: 174
expression: dump(&buf)
---
 pgman │ test  connected · pg 16.0
┌ editor ──────────────────────────────────────────────────────────────────────┐
│> SELECT count(*) FROM users                                                  │
└──────────────────────────────────────────────────────────────────────────────┘
┌ result ──────────────────────────────────────────────────────────────────────┐
│(no rows)                                                                     │
│                                                                              │
│                                                                              │
│                                                                              │
│                                                                              │
│                                                                              │
│                                                                              │
│                                                                              │
│                                                                              │
└──────────────────────────────────────────────────────────────────────────────┘
 RO   \watch every 2s · any key to stop
