---
source: tests/snapshots.rs
expression: dumped
---
 pgman │ test  connected · pg 16.0
 1 empty   ] [ switch · ctrl-t new · ctrl-w close
┌ editor (e to focus) ───────────────────────────┐
│> (empty — press e to focus)                    │
└────────────────────────────────────────────────┘
┌ result ────────────────────────────────────────┐
│┌ pick a connection · 1/2 ─────────────────────┐│
││▶ [Spring]  dataSource… — unresolved app@ord… ││
││  [project] prod                     app@pro… ││
││                                              ││
││  nothing here connects until you press enter ││
│└──────────────────────────────────────────────┘│
└────────────────────────────────────────────────┘
 RO   ↑↓ / j/k navigate · F1 +3 more
