---
source: tests/snapshots.rs
assertion_line: 226
expression: dump(&buf)
---
 pgman │ —  disconnected
┌ editor (e to focus) ─────────────────────────────────────────────────────────┐
│> (empty — press e to focus)                                                  │
└──────────────────────────────────────────────────────────────────────────────┘
┌ pgman ───────────────────────────────────────────────────────────────────────┐
│no connection — start pgman with --dsn postgres://…                           │
│┌ pick a connection · 1/2 ───────────────────────────────────────────────────┐│
││▶ [ project] prod                     postgres://app@prod-db:5432/main      ││
││  [IntelliJ] staging                  postgres://app@staging-db:5432/main   ││
│└────────────────────────────────────────────────────────────────────────────┘│
│                                                                              │
│                                                                              │
│                                                                              │
│                                                                              │
└──────────────────────────────────────────────────────────────────────────────┘
 ↑↓ / j/k navigate · enter connect · q quit
