---
source: tests/snapshots.rs
expression: dump(&buf)
---
 pgman │ test  connected · pg 16.0
┌ editor ──────────────────────────────────────────────────────────────────────┐
│> SELECT id, email                                                            │
│  FROM users                                                                  │
│  WHERE active = true                                                         │
└──────────────────────────────────────────────────────────────────────────────┘
┌ result ──────────────────────────────────────────────────────────────────────┐
│(no rows)                                                                     │
│                                                                              │
│                                                                              │
│                                                                              │
│                                                                              │
│                                                                              │
│                                                                              │
└──────────────────────────────────────────────────────────────────────────────┘
 RO   ⏎ runs after ; · alt-⏎ runs · ctrl-e EXPLAIN · ctrl-z undo · F1 +6 more
