---
source: tests/snapshots.rs
assertion_line: 164
expression: dump(&buf)
---
 pgman │ test  connected · pg 16.0
 1 empty                          ctrl-t new · ctrl-w close
┌ editor (e to focus) ─────────────────────────────────────┐
│> (empty — press e to focus)                              │
└──────────────────────────────────────────────────────────┘
┌ result · 3 row(s) ───────────────────────────────────────┐
│id ▲  name                                                │
│1     alice                                               │
│2     bob                                                 │
│3     carol                                               │
│                                                          │
│                                                          │
└──────────────────────────────────────────────────────────┘
 RO   q quit · ? help · e editor · S schema · F1 +8 more
