---
source: tests/snapshots.rs
expression: dump(&buf)
---
 pgman │ test  connected ·┌ about ───────────────────────────────────────┐
┌ editor (e to focus) ────│                                              │─────────────────────────┐
│> (empty — press e to foc│           ██████                  ██████     │                         │
└─────────────────────────│         ████████████████████████████████     │─────────────────────────┘
┌ result ─────────────────│      ████████████████████████████████████    │─────────────────────────┐
│(no rows)                │   ████████████████████████████████████████   │                         │
│                         │   ████████████████████████████████████████   │                         │
│                         │   ████████████████████████████████████████   │                         │
│                         │   ████████████████████████████████████████   │                         │
│                         │   ████████████████████████████████████████   │                         │
│                         │   ████████████████████████████████████████   │                         │
│                         │      ████████████████████████████████████    │                         │
│                         │         ████████████████████████████████     │                         │
│                         │            ████████████████████████████      │                         │
│                         │                     ████████████████         │                         │
│                         │                     ████████████████         │                         │
│                         │                     ██  ████████  ██         │                         │
│                         │                           ████████           │                         │
│                         │                          ██████████          │                         │
│                         │                             ██████           │                         │
│                         │                                              │                         │
│                         │        pgman 0.1.0 · beta · 2026-06-06       │                         │
│                         │       installed via a standalone binary      │                         │
│                         │   k9s-style Postgres TUI for Java/AWS shops  │                         │
│                         │                                              │                         │
│                         │       by Tom Baldwin / Polymorphism Ltd      │                         │
│                         │          license: MIT OR Apache-2.0          │                         │
│                         │                                              │                         │
└─────────────────────────│                                              │─────────────────────────┘
 RO   esc / enter / A clos└──────────────────────────────────────────────┘
