---
source: tests/snapshots.rs
assertion_line: 158
expression: dump(&buf)
---
 pgman │ test  connected · pg 16.0
┌ editor (e to focus) ─────────────────────────────────────────────────────────┐
│> SELECT * FROM users                                                         │
└──────────────────────────────────────────────────────────────────────────────┘
┌ result ──────────────────────────────────────────────────────────────────────┐
│(no rows)                                                                     │
│                                                                              │
│                                                                              │
│                                                                              │
│                                                                              │
│                                                                              │
│                                                                              │
│                                                                              │
│                                                                              │
└──────────────────────────────────────────────────────────────────────────────┘
 RO   (reverse-i-search) 'sel'
