---
source: tests/snapshots.rs
expression: dump(&buf)
---
 pgman │ test  connected · pg 16.0
┌ editor (e to focus) ─────────────────────────────────────────────────────────┐
│> (empty — press e to focus)                                                  │
│                                                                              │
│                                                                              │
│                                                                              │
│                                                                              │
└──────────────────────────────────────────────────────────────────────────────┘
┌ result ───┌ confirm ─────────────────────────────────────────────┐───────────┐
│(no rows)  │run (DELETE without WHERE) · will be refused — this   │           │
│           │session is read-only                                  │           │
│           │                                                      │           │
│           │DELETE FROM orders                                    │           │
│           │                                                      │           │
│           │y = run · n / esc = cancel                            │           │
│           └──────────────────────────────────────────────────────┘           │
│                                                                              │
│                                                                              │
│                                                                              │
│                                                                              │
│                                                                              │
│                                                                              │
└──────────────────────────────────────────────────────────────────────────────┘
 RO   y run · n / esc cancel
