---
source: tests/snapshots.rs
expression: dump(&buf)
---
 pgman │ test  connected · pg 16.0
 1 empty                                                     ] [ switch · ctrl-t new · ctrl-w close
┌ editor (e to focus) ─────────────────────────────────────────────────────────────────────────────┐
│> (empty — press e to focus)                                                                      │
│                                                                                                  │
│                                                                                                  │
│                                                                                                  │
│                                                                                                  │
└──────────────────────────────────────────────────────────────────────────────────────────────────┘
┌ result ──────────────────────────────────────────────────────────────────────────────────────────┐
│(no rows)                                                                                         │
│                                                                                                  │
│                                                                                                  │
│                                                                                                  │
│                                                                                                  │
│                                                                                                  │
│                                                                                                  │
│                                                                                                  │
│              ┌────────────────────────────────────────────────────────────────────┐              │
│              │                                                                    │              │
│              │ pgman — keys (? / F1 help · : commands · F2 error detail · F3      │              │
│              │ notify)                                                            │              │
│              │                                                                    │              │
│              │   grid                                                             │              │
│              │     q             quit (esc here is a no-op so a reflex press      │              │
│              │                   doesn't lose the session)                        │              │
│              │     ? / F1        toggle this help (both work from every           │              │
│              │                   non-typing mode)                                 │              │
│              │     :             command bar — see the ': commands' section       │              │
│              │     A             about pgman (version, credits)                   │              │
│              │     e / i / tab   focus editor                                     │              │
│              │     c             change connection (opens the picker mid-session) │              │
│              │     S             schema browser (psql `\d` equivalent)            │              │
│              │     W             schema wizard / lint (missing PK, mixed-case,    │              │
│              │                   reserved words …)                                │              │
│              │     Q             saved queries (named, persisted)                 │              │
│              │     ] / [  1..9   next / prev tab · tab N — see the tabs section   │              │
│              │     T             slow queries (pg_stat_statements top-N)          │              │
│              │     L             active sessions + locks (pg_stat_activity)       │              │
│              │     F3            LISTEN/NOTIFY arrivals panel (also reachable     │              │
│              │                   from any mode)                                   │              │
│              │     h / l  ← →    move column cursor                               │              │
│              │     s             cycle sort on focused column (off → ASC → DESC)  │              │
│              │     /             live row filter (HIDES non-matching rows)        │              │
│              │     f             find within grid (HIGHLIGHTS / jumps; n/N step   │              │
│              │                   matches)                                         │              │
│              │     F             follow FK on focused cell → new tab with SELECT  │              │
│              │                   * FROM parent WHERE pk=value                     │              │
│              │     Y             copy the (filtered) grid to clipboard as CSV     │              │
│              │     I             yank focused row as INSERT (single-table         │              │
│              │                   SELECTs)                                         │              │
│              │     D             pin result as A · run another query, D again to  │              │
│              │                   diff as B                                        │              │
│              │     m<a-z>        set bookmark at focused (row, col)               │              │
│              │     '<a-z>        jump to bookmark                                 │              │
│              │     j / k  ↑ ↓    move selection                                   │              │
│              │     g / G         first / last row                                 │              │
│              │     enter         expand selected row (psql \x style)              │              │
│              │     alt-z         zoom the results · alt-z again restores the      │              │
│              │                   split                                            │              │
│              │     alt-= / --    grow / shrink the editor a line · alt-0          │              │
│              │                   automatic                                        │              │
│              │                                                                    │              │
│              │   editor                                                           │              │
│              │     ↵             run the statement once it ends with ; (guarded)  │              │
│              │     alt-↵ / F5    run it regardless of the ; (ctrl-↵ / ctrl-j too) │              │
│              │     ctrl-z         undo last edit ctrl-y / ctrl-shift-z redo       │              │
│              │     ctrl-c         cancel the running query (while in-flight)      │              │
│              │     ctrl-e / F6   EXPLAIN  (never executes; tree-viewer opens)     │              │
│              │     ctrl-a / F7   EXPLAIN ANALYZE  (DML wrapped in rollback tx)    │              │
│              │     ctrl-/         toggle `-- ` line comment on the current line   │              │
│              │     ( [ {  ' " autoclose / skip-over — pairs the open with its     │              │
│              │            close (cursor between); typing the close (or matching   │              │
│              │            quote) over it just steps past                          │              │
│              │     ctrl-r         reverse-incremental history search (ctrl-d in   │              │
│              │                    there deletes the focused entry)                │              │
│              │     ctrl-w         \watch — re-run every 2 s; any key stops        │              │
│              │     ctrl-x         open the buffer in $EDITOR (\e)                 │              │
│              │     ctrl-s         save the current buffer as a named saved query  │              │
│              │     ctrl-o         open the saved-queries panel (load one in)      │              │
│              │     ctrl-f         format the buffer (built-in; pg_format if       │              │
│              │                    installed)                                      │              │
│              │     ctrl-l / F8   parse buffer as log → pick a reconstructed query │              │
│              │     ctrl-d / F9   read buffer as DBUnit fixture path → load apply  │              │
│              │                   script                                           │              │
│              │     tab / ctrl-spc identifier completion (cycles on repeat tab)    │              │
│              │     .             auto-trigger qualified completion (users.|)      │              │
│              │     (in popup) type to narrow live · esc to restore typed prefix   │              │
│              │     enter         insert newline                                   │              │
│              │ ↓ 205 more below                                                   │              │
│              │                                                                    │              │
│              └────────────────────────────────────────────────────────────────────┘              │
│                                                                                                  │
│                                                                                                  │
│                                                                                                  │
│                                                                                                  │
│                                                                                                  │
│                                                                                                  │
│                                                                                                  │
│                                                                                                  │
│                                                                                                  │
│                                                                                                  │
│                                                                                                  │
│                                                                                                  │
│                                                                                                  │
│                                                                                                  │
│                                                                                                  │
│                                                                                                  │
└──────────────────────────────────────────────────────────────────────────────────────────────────┘
 RO   esc / ?  close help
