---
source: tests/snapshots.rs
expression: dump(&buf)
---
 pgman │ test  connected · pg 16.0
┌ editor (e to focus) ───────────────────────────────────────────────────────────────────────────────────────┐
│> (empty — press e to focus)                                                                                │
└───┌ slow queries — pg_stat_statements — r refresh · enter copy · q close ─────────────────────────────┐────┘
┌ re│    total ms    mean ms     calls      rows  query                                                 │────┐
│(no│    12345.60      12.34   1000000   1000000  SELECT * FROM users WHERE active = true               │    │
│   │      800.00       3.20       250       250  UPDATE orders SET status = $1 WHERE id = $2           │    │
│   │                                                                                                   │    │
│   │                                                                                                   │    │
│   │                                                                                                   │    │
│   │                                                                                                   │    │
│   │                                                                                                   │    │
│   │                                                                                                   │    │
│   │                                                                                                   │    │
│   ├───────────────────────────────────────────────────────────────────────────────────────────────────┤    │
│   │SELECT * FROM users WHERE active = true                                                            │    │
│   │                                                                                                   │    │
│   │                                                                                                   │    │
│   │                                                                                                   │    │
│   │                                                                                                   │    │
│   │                                                                                                   │    │
│   │                                                                                                   │    │
│   └───────────────────────────────────────────────────────────────────────────────────────────────────┘    │
│                                                                                                            │
└────────────────────────────────────────────────────────────────────────────────────────────────────────────┘
 RO   j/k navigate · enter copy · r refresh · R auto-refresh · q / esc close · F1 help
