---
source: tests/snapshots.rs
assertion_line: 82
expression: dump(&buf)
---
 pgman │ test  connected · pg 16.0
┌ editor ──────────────────────────────────────────────────────────────────────┐
│> SELECT id, email                                                            │
│  FROM users                                                                  │
│  WHERE active = true                                                         │
└──────────────────────────────────────────────────────────────────────────────┘
┌ result ──────────────────────────────────────────────────────────────────────┐
│(no rows)                                                                     │
│                                                                              │
│                                                                              │
│                                                                              │
│                                                                              │
│                                                                              │
│                                                                              │
└──────────────────────────────────────────────────────────────────────────────┘
 RO   F5 run · ctrl-z undo · ctrl-y redo · ctrl-r history · ctrl-e EXPLAIN · tab
