---
source: tests/snapshots.rs
expression: dump(&buf)
---
 pgman │ test  connected · pg 16.0
 1 SELECT * FROM us                      ] [ switch · ctrl-t new · ctrl-w close
┌ editor ──────────────────────────────────────────────────────────────────────┐
│> SELECT * FROM us                                                            │
└──────────────────────────────────────────────────────────────────────────────┘
┌ result ──────────────────────────────────────────────────────────────────────┐
│┌ 2 matches · Tab to cycle ┐                                                  │
││  users            (table)│                                                  │
││  user_logs        (table)│                                                  │
│└──────────────────────────┘                                                  │
│                                                                              │
│                                                                              │
│                                                                              │
│                                                                              │
│                                                                              │
│                                                                              │
└──────────────────────────────────────────────────────────────────────────────┘
 RO   type to narrow · tab cycle · esc undo · F1 help
